---
source: core/tests/wasm_module_size.rs
expression: formatted
---
[anchored]
greedy                                    = 4576
greedy-earliest                           = 4576
no-match-at-start                         = 5643
no-match-at-start-bounds                  = 5643
no-match-at-start-reverse-anchored        = 6179
no-match-at-start-reverse-anchored-bounds = 6179
no-match-at-start-reverse-inner           = 5882
no-match-at-start-reverse-inner-bounds    = 5882
nongreedy                                 = 4576
nongreedy-all                             = 4576
word-boundary-nounicode-01                = 4868

[bytes]
case-class-ascii        = 3903
case-class-simple-ascii = 3903
case-class-unicode      = 4621
case-one-ascii          = 3711
case-one-unicode        = 3711
dotstar-prefix-ascii    = 3505
dotstar-prefix-unicode  = 3505
invalid-utf8-anchor-100 = 4117
invalid-utf8-anchor-200 = 13489
invalid-utf8-anchor-300 = 7461
mixed-dot               = 7005
negate-ascii            = 3711
negate-unicode          = 5404
null-bytes              = 4304
perl-decimal-ascii      = 3695
perl-decimal-unicode    = 12131
perl-whitespace-ascii   = 3903
perl-whitespace-unicode = 6209
perl-word-ascii         = 3909
perl-word-unicode       = 139651
word-boundary-ascii     = 4165
word-boundary-ascii-100 = 4554
word-boundary-ascii-200 = 4120
word-boundary-ascii-not = 4285

[crazy]
date1                    = 8491
date2                    = 8491
date3                    = 8491
email                    = 8197
email-big                = 9158
email-not                = 8197
empty1                   = 3425
empty10                  = 3878
empty11                  = 3878
empty2                   = 3425
empty3                   = 3425
empty4                   = 3623
empty5                   = 3425
empty6                   = 3623
empty7                   = 3425
empty8                   = 3878
empty9                   = 3878
float1                   = 5282
float2                   = 5282
float3                   = 5282
float4                   = 5282
float5                   = 5437
greedy-many-many         = 6279
greedy-many-optional     = 6279
greedy-one-many-many     = 6065
greedy-one-many-optional = 6065
greedy-range-many        = 8436
greedy-range-min-many    = 6065
lazy-many-many           = 6279
lazy-many-optional       = 6279
lazy-one-many-many       = 6065
lazy-one-many-optional   = 6065
lazy-range-many          = 8436
lazy-range-min-many      = 6065
neg-class-ascii          = 5407
neg-class-comma          = 5404
neg-class-comma-space    = 5410
neg-class-letter         = 5407
neg-class-letter-comma   = 5407
neg-class-letter-space   = 5410
neg-class-space          = 5407
neg-class-space-comma    = 5410
nothing-empty            = 2332
nothing-something        = 2332
ranges                   = 7257
ranges-not               = 7257
start-end-empty          = 3612
start-end-empty-many-1   = 4449
start-end-empty-many-2   = 4449
start-end-empty-rep      = 4339
start-end-empty-rep-rev  = 4339
start-end-empty-rev      = 3612

[crlf]
basic                           = 4528
dot-no-crlf                     = 5407
end-no-split                    = 3851
end-no-split-adjacent           = 3851
end-no-split-adjacent-cr        = 3851
end-no-split-adjacent-lf        = 3851
onepass-wrong-crlf-anchored     = 5777
onepass-wrong-crlf-with-capture = 6173
start-end-before-after          = 4226
start-end-empty                 = 4226
start-end-non-empty             = 4226
start-no-split                  = 3858
start-no-split-adjacent         = 3858
start-no-split-adjacent-cr      = 3858
start-no-split-adjacent-lf      = 3858

[earliest]
is-ungreedy           = 3697
look-end-test         = 4913
look-start-test       = 4448
no-greedy-100         = 3697
no-greedy-200         = 4171
no-leftmost-first-100 = 4171
no-leftmost-first-200 = 4171

[empty]
100 = 3878
110 = 3878
120 = 3878
130 = 3878
200 = 3623
210 = 3623
220 = 3878
230 = 3878
240 = 3878
300 = 3878
310 = 3878
320 = 3623
330 = 3878
400 = 3505
500 = 3425
510 = 3425
520 = 3425
600 = 4311
610 = 4094

[expensive]
backtrack-blow-visited-capacity          = 6347185
regression-many-repeat-no-stack-overflow = 6301942

[flags]
1  = 4598
10 = 3697
11 = 5121
2  = 4185
3  = 4185
4  = 5846
5  = 8232
6  = 8232
7  = 8426
8  = 3697
9  = 3697

[fowler/basic]
basic10  = 3505
basic100 = 4403
basic101 = 4403
basic102 = 4403
basic103 = 4403
basic104 = 4403
basic105 = 4165
basic106 = 4170
basic107 = 3875
basic108 = 4274
basic109 = 3317
basic110 = 3778
basic111 = 5882
basic112 = 5882
basic113 = 6070
basic114 = 3979
basic115 = 3979
basic116 = 3742
basic117 = 3948
basic118 = 3948
basic119 = 3742
basic12  = 3505
basic120 = 3979
basic121 = 5882
basic122 = 5885
basic123 = 5885
basic124 = 4185
basic125 = 4185
basic126 = 3977
basic127 = 4163
basic128 = 4163
basic129 = 4274
basic130 = 4722
basic131 = 4351
basic132 = 3878
basic133 = 4793
basic134 = 4563
basic135 = 5340
basic136 = 4990
basic137 = 4809
basic138 = 4936
basic139 = 5779
basic140 = 4463
basic141 = 3878
basic142 = 4349
basic143 = 4828
basic144 = 3505
basic145 = 4114
basic146 = 5908
basic147 = 5120
basic148 = 3934
basic149 = 3934
basic15  = 3401
basic150 = 4797
basic151 = 3979
basic152 = 4552
basic153 = 5488
basic154 = 4800
basic155 = 5416
basic156 = 5380
basic157 = 5368
basic158 = 5359
basic159 = 4998
basic16  = 3742
basic160 = 5721
basic161 = 4355
basic162 = 8690
basic163 = 9473
basic164 = 9473
basic165 = 9473
basic166 = 7369
basic167 = 6604
basic168 = 9008
basic169 = 4217
basic17  = 3742
basic170 = 4579
basic171 = 4163
basic172 = 14154
basic173 = 14154
basic174 = 14154
basic175 = 14154
basic176 = 14154
basic177 = 14154
basic178 = 14154
basic179 = 14154
basic18  = 3800
basic180 = 14154
basic181 = 14154
basic182 = 14154
basic183 = 14154
basic184 = 14154
basic185 = 14154
basic186 = 14154
basic187 = 14154
basic188 = 14154
basic189 = 4952
basic19  = 3740
basic190 = 5816
basic191 = 6232
basic192 = 14905
basic193 = 9373
basic194 = 9373
basic195 = 9373
basic196 = 11736
basic197 = 7037
basic198 = 7037
basic199 = 7037
basic20  = 3612
basic200 = 6643
basic201 = 6643
basic202 = 6643
basic203 = 6643
basic204 = 6643
basic205 = 6643
basic206 = 5991
basic207 = 5991
basic208 = 5991
basic209 = 18339
basic21  = 3612
basic210 = 18089
basic211 = 18089
basic212 = 18089
basic213 = 18089
basic214 = 18339
basic215 = 18339
basic216 = 18339
basic217 = 18339
basic218 = 9311
basic219 = 9313
basic22  = 4202
basic220 = 4217
basic221 = 9305
basic222 = 9307
basic223 = 4211
basic23  = 4756
basic24  = 15434
basic25  = 15434
basic26  = 5376
basic27  = 5288
basic28  = 3505
basic29  = 6621
basic3   = 6186
basic30  = 6621
basic32  = 4743
basic33  = 5200
basic34  = 7198
basic35  = 6268
basic36  = 6650
basic37  = 5180
basic38  = 5180
basic39  = 6140
basic4   = 10176
basic40  = 6140
basic41  = 13747
basic42  = 5494
basic43  = 5494
basic44  = 4409
basic45  = 5105
basic46  = 4660
basic47  = 6996
basic48  = 21186
basic49  = 3934
basic5   = 4693
basic50  = 3934
basic51  = 6071
basic52  = 5404
basic53  = 4084
basic54  = 4084
basic55  = 6312
basic56  = 6312
basic57  = 3505
basic58  = 3697
basic59  = 3697
basic6   = 3503
basic65  = 3503
basic66  = 3503
basic67  = 5404
basic68  = 3740
basic69  = 5098
basic7   = 3742
basic70  = 3979
basic72  = 13604
basic74  = 13604
basic76  = 13604
basic78  = 4274
basic80  = 4709
basic81  = 5439
basic82  = 6271
basic83  = 6271
basic84  = 8298
basic86  = 5779
basic87  = 14494
basic89  = 5875
basic9   = 3505
basic90  = 3317
basic91  = 3778
basic92  = 3612
basic93  = 3696
basic94  = 3979
basic95  = 3979
basic96  = 3979
basic97  = 4165
basic98  = 4403
basic99  = 4403

[fowler/nullsubexpr]
nullsubexpr10 = 4563
nullsubexpr11 = 4491
nullsubexpr12 = 4491
nullsubexpr13 = 4491
nullsubexpr14 = 4491
nullsubexpr15 = 4310
nullsubexpr16 = 4310
nullsubexpr17 = 4310
nullsubexpr18 = 4310
nullsubexpr20 = 4793
nullsubexpr21 = 4793
nullsubexpr22 = 4793
nullsubexpr23 = 4793
nullsubexpr24 = 4563
nullsubexpr25 = 4563
nullsubexpr26 = 4563
nullsubexpr27 = 4563
nullsubexpr28 = 6701
nullsubexpr29 = 6701
nullsubexpr3  = 4793
nullsubexpr30 = 6701
nullsubexpr31 = 6701
nullsubexpr32 = 4793
nullsubexpr33 = 4793
nullsubexpr34 = 4793
nullsubexpr35 = 4793
nullsubexpr36 = 4793
nullsubexpr37 = 4793
nullsubexpr38 = 4793
nullsubexpr39 = 6701
nullsubexpr4  = 4793
nullsubexpr40 = 6701
nullsubexpr41 = 6701
nullsubexpr42 = 6701
nullsubexpr43 = 6701
nullsubexpr46 = 5450
nullsubexpr5  = 4793
nullsubexpr6  = 4793
nullsubexpr64 = 5257
nullsubexpr65 = 5257
nullsubexpr66 = 5257
nullsubexpr68 = 5027
nullsubexpr69 = 5027
nullsubexpr7  = 4563
nullsubexpr70 = 5027
nullsubexpr72 = 5715
nullsubexpr73 = 5715
nullsubexpr74 = 5715
nullsubexpr8  = 4563
nullsubexpr9  = 4563

[fowler/repetition]
repetition-expensive100 = 31056
repetition-expensive102 = 30600
repetition-expensive104 = 30157
repetition-expensive106 = 29727
repetition-expensive108 = 29329
repetition-expensive110 = 28946
repetition-expensive112 = 28572
repetition-expensive114 = 28197
repetition-expensive115 = 27836
repetition-expensive127 = 6378
repetition-expensive129 = 6149
repetition-expensive130 = 7887
repetition-expensive131 = 9626
repetition-expensive132 = 11363
repetition-expensive134 = 25039
repetition-expensive136 = 24567
repetition-expensive137 = 24236
repetition-expensive138 = 23905
repetition-expensive139 = 23575
repetition-expensive141 = 6378
repetition-expensive143 = 6149
repetition-expensive149 = 6378
repetition-expensive151 = 6149
repetition-expensive153 = 7887
repetition-expensive155 = 9626
repetition-expensive156 = 11363
repetition-expensive158 = 25039
repetition-expensive160 = 24567
repetition-expensive162 = 24236
repetition-expensive164 = 23905
repetition-expensive165 = 23575
repetition-expensive167 = 6378
repetition-expensive169 = 6149
repetition-expensive90  = 6920
repetition-expensive91  = 6708
repetition-expensive92  = 9519
repetition-expensive93  = 12405
repetition-expensive94  = 15362
repetition-expensive95  = 18396
repetition-expensive96  = 21592
repetition-expensive97  = 24880
repetition-expensive98  = 28246
repetition10            = 11105
repetition11            = 18983
repetition12            = 26938
repetition14            = 11105
repetition15            = 18983
repetition16            = 26938
repetition18            = 11636
repetition20            = 11105
repetition21            = 18983
repetition22            = 26938
repetition24            = 11105
repetition25            = 18983
repetition26            = 26938
repetition28            = 11636
repetition30            = 11105
repetition31            = 18983
repetition32            = 26938
repetition34            = 11105
repetition35            = 18983
repetition36            = 26938
repetition38            = 11636
repetition40            = 11105
repetition41            = 18983
repetition42            = 26938
repetition44            = 11105
repetition46            = 18983
repetition47            = 26938
repetition50            = 11636
repetition52            = 11105
repetition53            = 18983
repetition54            = 26938
repetition56            = 11105
repetition57            = 18983
repetition59            = 26938
repetition61            = 11636
repetition63            = 11105
repetition64            = 18983
repetition65            = 26938
repetition67            = 11105
repetition68            = 18983
repetition70            = 26938
repetition73            = 11636
repetition75            = 11105
repetition76            = 18983
repetition77            = 26938
repetition79            = 11105
repetition80            = 18983
repetition81            = 26938
repetition83            = 11636

[iter]
1                            = 3505
2                            = 3505
anchored1                    = 3505
anchored2                    = 3505
anchored3                    = 3505
empty1                       = 3425
empty10                      = 3878
empty11                      = 3878
empty2                       = 3425
empty3                       = 3425
empty4                       = 3623
empty5                       = 3425
empty6                       = 3623
empty7                       = 3425
empty8                       = 3878
empty9                       = 3878
nonempty-followedby-empty    = 6727
nonempty-followedby-oneempty = 6727
nonempty-followedby-onemixed = 6727
nonempty-followedby-twomixed = 6727
start1                       = 3401
start2                       = 3401

[leftmost-all]
alt    = 4887
dotall = 5401
multi  = 6143

[line-terminator]
carriage                         = 4078
dot-changes-with-line-terminator = 5401
non-ascii                        = 4428
non-word-byte                    = 4426
not-line-feed                    = 4426
nul                              = 4426
word-byte                        = 4428

[misc]
anchor-start-end-line      = 4678
ascii-literal              = 3505
ascii-literal-anchored     = 3505
ascii-literal-anchored-not = 3505
ascii-literal-not          = 3505
one-literal-edge           = 3979
prefix-literal-match       = 3875
prefix-literal-match-ascii = 3875
prefix-literal-no-match    = 3875
suffix-100                 = 6573
suffix-200                 = 6767
suffix-300                 = 6767
suffix-400                 = 6767
suffix-500                 = 7006
suffix-600                 = 7006
terminates                 = 3800

[multiline]
basic1                    = 4426
basic1-crlf               = 4528
basic1-crlf-cr            = 4528
basic2                    = 4124
basic2-crlf               = 4226
basic2-crlf-cr            = 4226
basic3                    = 3806
basic3-crlf               = 3858
basic3-crlf-cr            = 3858
basic4                    = 3801
basic4-crlf               = 3851
basic4-crlf-cr            = 3851
basic5                    = 3886
basic5-crlf               = 3938
basic5-crlf-cr            = 3938
basic6                    = 3828
basic6-crlf               = 3880
basic6-crlf-cr            = 3880
basic7                    = 3823
basic7-crlf               = 3873
basic7-crlf-cr            = 3873
basic8                    = 3881
basic8-crlf               = 3931
basic8-crlf-cr            = 3931
basic9                    = 4124
basic9-crlf               = 4226
match-line-100            = 6331
match-line-100-crlf       = 6437
match-line-100-crlf-cr    = 6437
match-line-200            = 4632
match-line-200-crlf       = 4737
match-line-200-crlf-cr    = 4737
repeat1                   = 4388
repeat1-crlf              = 4490
repeat1-crlf-cr           = 4490
repeat1-no-multi          = 4339
repeat1-no-multi-crlf     = 4339
repeat1-no-multi-crlf-cr  = 4339
repeat10                  = 5133
repeat10-crlf             = 5183
repeat10-crlf-cr          = 5183
repeat10-no-multi         = 5110
repeat10-no-multi-crlf    = 5110
repeat10-no-multi-crlf-cr = 5110
repeat11                  = 4069
repeat11-crlf             = 4121
repeat11-crlf-cr          = 4121
repeat11-no-multi         = 4043
repeat11-no-multi-crlf    = 4043
repeat11-no-multi-crlf-cr = 4043
repeat12                  = 3806
repeat12-crlf             = 3858
repeat12-crlf-cr          = 3858
repeat12-no-multi         = 3317
repeat12-no-multi-crlf    = 3317
repeat12-no-multi-crlf-cr = 3317
repeat13                  = 4064
repeat13-crlf             = 4114
repeat13-crlf-cr          = 4114
repeat13-no-multi         = 4041
repeat13-no-multi-crlf    = 4041
repeat13-no-multi-crlf-cr = 4041
repeat14                  = 3801
repeat14-crlf             = 3851
repeat14-crlf-cr          = 3851
repeat14-no-multi         = 3778
repeat14-no-multi-crlf    = 3778
repeat14-no-multi-crlf-cr = 3778
repeat15                  = 4102
repeat15-crlf             = 4152
repeat15-crlf-cr          = 4152
repeat15-no-multi         = 4079
repeat15-no-multi-crlf    = 4079
repeat15-no-multi-crlf-cr = 4079
repeat16                  = 4283
repeat16-crlf             = 4333
repeat16-crlf-cr          = 4333
repeat16-no-multi         = 4260
repeat16-no-multi-crlf    = 4260
repeat16-no-multi-crlf-cr = 4260
repeat17                  = 4426
repeat17-crlf             = 4528
repeat17-crlf-cr          = 4528
repeat17-no-multi         = 4377
repeat17-no-multi-crlf    = 4377
repeat17-no-multi-crlf-cr = 4377
repeat18                  = 4445
repeat18-crlf             = 4547
repeat18-crlf-cr          = 4547
repeat18-no-multi         = 4396
repeat18-no-multi-crlf    = 4396
repeat18-no-multi-crlf-cr = 4396
repeat2                   = 4528
repeat2-crlf              = 4580
repeat2-crlf-cr           = 4580
repeat2-no-multi          = 4502
repeat2-no-multi-crlf     = 4502
repeat2-no-multi-crlf-cr  = 4502
repeat3                   = 4803
repeat3-crlf              = 4855
repeat3-crlf-cr           = 4855
repeat3-no-multi          = 4777
repeat3-no-multi-crlf     = 4777
repeat3-no-multi-crlf-cr  = 4777
repeat4                   = 4481
repeat4-crlf              = 4533
repeat4-crlf-cr           = 4533
repeat4-no-multi          = 4455
repeat4-no-multi-crlf     = 4455
repeat4-no-multi-crlf-cr  = 4455
repeat5                   = 4535
repeat5-crlf              = 4587
repeat5-crlf-cr           = 4587
repeat5-no-multi          = 4509
repeat5-no-multi-crlf     = 4509
repeat5-no-multi-crlf-cr  = 4509
repeat6                   = 4109
repeat6-crlf              = 4161
repeat6-crlf-cr           = 4161
repeat6-no-multi          = 3624
repeat6-no-multi-crlf     = 3624
repeat6-no-multi-crlf-cr  = 3624
repeat7                   = 5059
repeat7-crlf              = 5111
repeat7-crlf-cr           = 5111
repeat7-no-multi          = 4568
repeat7-no-multi-crlf     = 4568
repeat7-no-multi-crlf-cr  = 4568
repeat8                   = 5240
repeat8-crlf              = 5292
repeat8-crlf-cr           = 5292
repeat8-no-multi          = 5214
repeat8-no-multi-crlf     = 5214
repeat8-no-multi-crlf-cr  = 5214
repeat9                   = 4952
repeat9-crlf              = 5002
repeat9-crlf-cr           = 5002
repeat9-no-multi          = 4929
repeat9-no-multi-crlf     = 4929
repeat9-no-multi-crlf-cr  = 4929

[no-unicode]
anchored-iter-empty-utf8          = 3425
case1                             = 3711
case2                             = 3903
case3                             = 4621
case4                             = 3903
decimal-ascii                     = 3695
decimal-unicode                   = 12131
dotstar-prefix1                   = 3505
dotstar-prefix2                   = 3505
invalid-utf8-literal1             = 3505
iter1-bytes                       = 3280
iter1-utf8                        = 3425
iter2-bytes                       = 3280
mixed                             = 6234
negate1                           = 5404
negate2                           = 3711
null-bytes1                       = 3925
space-ascii                       = 3903
space-unicode                     = 6209
unanchored-invalid-utf8-match-100 = 3505
unanchored-invalid-utf8-nomatch   = 5730
word-ascii                        = 3909
word-unicode                      = 139651

[overlapping]
alt-all-100                             = 4171
alt-leftmost-first-100                  = 4171
empty-000                               = 3425
empty-alt-000                           = 3878
empty-alt-010                           = 3878
greedy-dotstar-matches-everything-100   = 5779
iter1-bytes                             = 3280
iter1-incomplete-utf8                   = 3280
iter1-utf8                              = 3425
repetition-plus-all-100                 = 3697
repetition-plus-all-110                 = 4171
repetition-plus-all-200                 = 4576
repetition-plus-leftmost-first-100      = 3697
repetition-plus-leftmost-first-110      = 4171
repetition-plus-leftmost-first-200      = 4576
repetition-star-all-100                 = 3878
repetition-star-all-200                 = 4757
repetition-star-leftmost-first-100      = 3878
repetition-star-leftmost-first-200      = 4757
scratch                                 = 6382
start-end-rep-all                       = 4758
start-end-rep-leftmost-first            = 4758
ungreedy-dotstar-matches-everything-100 = 5779

[regression]
adjacent-line-boundary-100                     = 6331
adjacent-line-boundary-200                     = 6331
aho-corasick-100                               = 5684
alt-in-alt-100                                 = 4690
alt-in-alt-200                                 = 7125
anchored-prefix-100                            = 5540
anchored-prefix-200                            = 5540
anchored-prefix-300                            = 3636
ascii-word-underscore                          = 3717
captures-after-dfa-premature-end-100           = 5861
captures-after-dfa-premature-end-200           = 5971
captures-after-dfa-premature-end-300           = 4797
captures-repeat                                = 5098
captures-wrong-order                           = 3883
empty-flag-expr                                = 3425
empty-group-with-unicode                       = 4213
end-not-word-boundary                          = 4415
endl-or-word-boundary                          = 4784
flags-are-unset                                = 5525
fowler-basic154-unanchored                     = 4800
hir-optimization-out-of-order-class            = 4126
i429-0                                         = 4722
i429-10                                        = 5830
i429-11                                        = 4443
i429-3                                         = 6745
i429-3-utf8                                    = 6890
i429-4                                         = 6112
i429-5                                         = 3813
i429-6                                         = 5105
i429-8                                         = 4721
i429-9                                         = 5592
i969                                           = 6368
impossible-branch                              = 6319
improper-reverse-suffix-optimization           = 7986
interior-anchor-capture                        = 4621
leftmost-first-prefix                          = 4427
literal-panic                                  = 12892
lits-unambiguous-100                           = 5141
lits-unambiguous-200                           = 10030
many-alternates                                = 4638
missed-match                                   = 11079
negated-char-class-100                         = 5407
negated-char-class-200                         = 5407
negated-full-byte-range                        = 3268
partial-anchor                                 = 4338
partial-anchor-alternate-begin                 = 4338
partial-anchor-alternate-end                   = 4247
prefilter-with-aho-corasick-standard-semantics = 4792
regex-to-glob                                  = 5548
reverse-inner-plus-shorter-than-expected       = 49786
reverse-inner-short                            = 6740
reverse-suffix-100                             = 4681
reverse-suffix-200                             = 4681
reverse-suffix-300                             = 5998
ruff-whitespace-around-keywords                = 4564
stops-ascii                                    = 4462
strange-anchor-non-complete-prefix             = 3802
strange-anchor-non-complete-suffix             = 3858
unicode-case-lower-nocase-flag                 = 33521
unsorted-binary-search-100                     = 3906
unsorted-binary-search-200                     = 3906
word-boundary-ascii-capture                    = 4120
word-boundary-ascii-no-capture                 = 4120
word-boundary-ascii-start-x                    = 4067
word-boundary-weird-ascii                      = 5084
word-boundary-weird-minimal-ascii              = 5084
y-or-endl                                      = 4489
zero-or-end                                    = 4258

[set]
basic10                = 4468
basic10-leftmost-first = 4468
basic100               = 6769
basic101               = 6769
basic102               = 6769
basic120               = 3505
basic121               = 5855
basic122               = 7078
basic130               = 4708
basic20                = 4468
basic30                = 4468
basic40                = 4468
basic50                = 4468
basic60                = 5186
basic60-leftmost-first = 5186
basic61                = 5186
basic61-leftmost-first = 5186
basic70                = 7456
basic71                = 7456
basic80                = 6111
basic81                = 6111
basic82                = 6111
basic90                = 5467
basic91                = 5467
caps-010               = 9341
caps-020               = 9807
caps-030               = 10559
caps-110               = 8563
caps-120               = 8563
caps-121               = 8563
empty10                = 4392
empty10-leftmost-first = 4392
empty11                = 4392
empty11-leftmost-first = 4392
empty20                = 4392
empty20-leftmost-first = 4392
empty21                = 4392
empty21-leftmost-first = 4392
empty22                = 4392
empty23                = 4392
empty30                = 4392
empty30-leftmost-first = 4392
empty31                = 4392
empty31-leftmost-first = 4392
empty40                = 4468
empty40-leftmost-first = 4468
nomatch10              = 4468
nomatch20              = 6111
nomatch30              = 2332
nomatch40              = 7276

[substring]
ascii-word-end   = 4654
ascii-word-start = 4654

[unicode]
class-emoji1          = 23865
class-emoji2          = 23865
class-emoji3          = 19865
class-emoji4          = 19865
class-gcb1            = 8701
class-gcb2            = 4217
class-gcb3            = 4217
class-gcb4            = 4217
class-gcb5            = 9622
class-gcb6            = 3979
class-gencat1         = 31919
class-gencat10        = 12752
class-gencat11        = 5298
class-gencat12        = 126158
class-gencat13        = 9239
class-gencat14        = 3979
class-gencat15        = 37744
class-gencat16        = 68102
class-gencat17        = 22666
class-gencat18        = 23729
class-gencat19        = 11387
class-gencat2         = 12511
class-gencat20        = 70500
class-gencat21        = 33718
class-gencat22        = 12968
class-gencat23        = 127890
class-gencat24        = 103990
class-gencat25        = 26020
class-gencat26        = 42517
class-gencat27        = 46891
class-gencat28        = 3979
class-gencat29        = 6005
class-gencat3         = 5764
class-gencat30        = 45668
class-gencat31        = 5805
class-gencat32        = 5802
class-gencat33        = 36994
class-gencat34        = 55544
class-gencat35        = 5498
class-gencat36        = 125965
class-gencat37        = 32972
class-gencat4         = 3951
class-gencat5         = 11420
class-gencat6         = 10352
class-gencat7         = 11937
class-gencat8         = 5592
class-gencat9         = 5295
class-sentence-break1 = 38911
class-sentence-break2 = 38911
class-sentence-break3 = 13593
class-sentence-break4 = 13593
class-sentence-break5 = 8375
class-word-break1     = 5498
class-word-break2     = 5498
class-word-break3     = 6211
class-word-break4     = 5558
class-word-break5     = 14491
class1                = 4615
class10               = 37943
class2                = 33718
class3                = 33917
class4                = 43129
class5                = 43129
class6                = 33917
class7                = 33171
class8                = 35188
class9                = 126365
literal1              = 3979
literal2              = 4171
literal3              = 4171
literal4              = 3948
perl1                 = 139651
perl2                 = 139651
perl3                 = 134703
perl4                 = 12131
perl5                 = 12131
perl6                 = 15669
perl7                 = 6209
perl8                 = 6209
perl9                 = 8544

[utf8]
empty-utf8no                                  = 3280
empty-utf8no-anchored                         = 3280
empty-utf8no-anchored-bounds                  = 3280
empty-utf8no-anchored-bounds-overlapping      = 3280
empty-utf8no-anchored-endbound                = 3280
empty-utf8no-anchored-endbound-overlapping    = 3280
empty-utf8no-anchored-overlapping             = 3280
empty-utf8no-anchored-startbound              = 3280
empty-utf8no-anchored-startbound-overlapping  = 3280
empty-utf8no-bounds                           = 3280
empty-utf8no-bounds-overlapping               = 3280
empty-utf8no-overlapping                      = 3280
empty-utf8no-startbound                       = 3280
empty-utf8no-startbound-overlapping           = 3280
empty-utf8yes                                 = 3425
empty-utf8yes-anchored                        = 3425
empty-utf8yes-anchored-bounds                 = 3425
empty-utf8yes-anchored-bounds-overlapping     = 3425
empty-utf8yes-anchored-endbound               = 3425
empty-utf8yes-anchored-endbound-overlapping   = 3425
empty-utf8yes-anchored-overlapping            = 3425
empty-utf8yes-anchored-startbound             = 3425
empty-utf8yes-anchored-startbound-overlapping = 3425
empty-utf8yes-bounds                          = 3425
empty-utf8yes-bounds-overlapping              = 3425
empty-utf8yes-overlapping                     = 3425
empty-utf8yes-startbound                      = 3425
empty-utf8yes-startbound-overlapping          = 3425

[word-boundary]
nb1                            = 5028
nb10                           = 4120
nb11                           = 5980
nb12                           = 6192
nb13                           = 6192
nb14                           = 6192
nb15                           = 6192
nb16                           = 6192
nb17                           = 6192
nb18                           = 6192
nb19                           = 5252
nb2                            = 4287
nb20                           = 5252
nb21                           = 4329
nb22                           = 4329
nb23                           = 4415
nb24                           = 4415
nb25                           = 4415
nb26                           = 4846
nb27                           = 5092
nb28                           = 5092
nb29                           = 3954
nb3                            = 4819
nb30                           = 3954
nb31                           = 4163
nb32                           = 4163
nb33                           = 4249
nb34                           = 4249
nb35                           = 4688
nb36                           = 4898
nb37                           = 5930
nb38                           = 6373
nb39                           = 5930
nb4                            = 4819
nb5                            = 4761
nb6                            = 4761
nb7                            = 5946
nb8                            = 5946
nb9                            = 4120
unicode1-only-ascii            = 4434
unicode2-only-ascii            = 4434
unicode3-only-ascii            = 4434
unicode4-only-ascii            = 4554
unicode5-not-noutf8-only-ascii = 4120
unicode5-not-only-ascii        = 4120
unicode5-noutf8-only-ascii     = 4000
unicode5-only-ascii            = 4000
wb1                            = 4145
wb10                           = 4699
wb11                           = 4641
wb12                           = 4641
wb13                           = 5826
wb14                           = 5826
wb15                           = 5860
wb16                           = 6072
wb17                           = 6072
wb18                           = 6072
wb19                           = 6072
wb2                            = 4145
wb20                           = 6072
wb21                           = 6072
wb22                           = 5132
wb23                           = 5132
wb24                           = 4354
wb25                           = 4354
wb26                           = 4440
wb27                           = 4440
wb28                           = 4440
wb29                           = 6424
wb3                            = 4145
wb30                           = 4972
wb31                           = 4972
wb32                           = 4274
wb33                           = 4274
wb34                           = 6264
wb35                           = 6476
wb36                           = 5955
wb37                           = 7954
wb38                           = 5955
wb39                           = 9012
wb4                            = 3979
wb40                           = 6562
wb41                           = 4145
wb42                           = 4908
wb43                           = 3979
wb44                           = 4440
wb5                            = 4440
wb6                            = 4274
wb7                            = 4908
wb8                            = 4167
wb9                            = 4699

[word-boundary-special]
word-end-ascii-010               = 4156
word-end-ascii-020               = 4156
word-end-ascii-030               = 4156
word-end-ascii-040               = 4156
word-end-ascii-050               = 4156
word-end-ascii-060               = 4156
word-end-ascii-060-bounds        = 4156
word-end-ascii-070               = 4156
word-end-ascii-080               = 4156
word-end-ascii-090               = 4156
word-end-ascii-110               = 4156
word-end-half-ascii-010          = 4121
word-end-half-ascii-020          = 4121
word-end-half-ascii-030          = 4121
word-end-half-ascii-040          = 4121
word-end-half-ascii-050          = 4121
word-end-half-ascii-060          = 4121
word-end-half-ascii-060-bounds   = 4121
word-end-half-ascii-070          = 4121
word-end-half-ascii-080          = 4121
word-end-half-ascii-090          = 4121
word-end-half-ascii-110          = 4121
word-start-ascii-010             = 4160
word-start-ascii-020             = 4160
word-start-ascii-030             = 4160
word-start-ascii-040             = 4160
word-start-ascii-050             = 4160
word-start-ascii-060             = 4160
word-start-ascii-060-bounds      = 4160
word-start-ascii-070             = 4160
word-start-ascii-080             = 4160
word-start-ascii-090             = 4160
word-start-ascii-110             = 4160
word-start-half-ascii-010        = 4126
word-start-half-ascii-020        = 4126
word-start-half-ascii-030        = 4126
word-start-half-ascii-040        = 4126
word-start-half-ascii-050        = 4126
word-start-half-ascii-060        = 4126
word-start-half-ascii-060-bounds = 4126
word-start-half-ascii-060-noutf8 = 3981
word-start-half-ascii-070        = 4126
word-start-half-ascii-080        = 4126
word-start-half-ascii-090        = 4126
word-start-half-ascii-110        = 4126
